Γû▓ Next.js 16.2.6 (Turbopack)
- Environments: .env
- Experiments (use with caution):
  ┬╖ serverActions

npx.cmd : ΓÜá The "middleware" file convention is deprecated. Please use "proxy" instead. Learn more: 
https://nextjs.org/docs/messages/middleware-to-proxy
At line:1 char:1
+ npx.cmd next build 2>&1 | Out-File -FilePath "build_output.txt" -Enco ...
+ ~~~~~~~~~~~~~~~~~~~~~~~
    + CategoryInfo          : NotSpecified: (ΓÜá The "middle...leware-to-proxy:String) [], RemoteException
    + FullyQualifiedErrorId : NativeCommandError
 
  Creating an optimized production build ...
Turbopack build encountered 1 warnings:
./next.config.ts
Encountered unexpected file in NFT list
A file was traced that indicates that the whole project was traced unintentionally. Somewhere in the import trace 
below, there are:
- filesystem operations (like path.join, path.resolve or fs.readFile), or
- very dynamic requires (like require('./' + foo)).
To resolve this, you can
- remove them if possible, or
- only use them in development, or
- make sure they are statically scoped to some subfolder: path.join(process.cwd(), 'data', bar), or
- add ignore comments: path.join(/*turbopackIgnore: true*/ process.cwd(), bar)

Import trace:
  App Route:
    ./next.config.ts
    ./src/app/api/upload/route.ts


Γ£ô Compiled successfully in 21.5s
  Skipping validation of types
  Finished TypeScript config validation in 20ms ...
  Collecting page data using 15 workers ...
[PaymentEngine] Plugin registered: chargily
[PaymentEngine] Plugin registered: chargily
  Generating static pages using 15 workers (0/72) ...
[PaymentEngine] Plugin registered: chargily
  Generating static pages using 15 workers (18/72) 
  Generating static pages using 15 workers (36/72) 
  Generating static pages using 15 workers (54/72) 
Γ£ô Generating static pages using 15 workers (72/72) in 2.4s
  Finalizing page optimization ...

Route (app)
Γöî Γùï /
Γö£ Γùï /_not-found
Γö£ Γùï /admin
Γö£ Γùï /admin-secure-internal
Γö£ Γùï /admin-secure-internal/advertisements
Γö£ Γùï /admin-secure-internal/billing/merchants
Γö£ Γùï /admin-secure-internal/billing/packages
Γö£ Γùï /admin-secure-internal/billing/payment-engine
Γö£ Γùï /admin-secure-internal/billing/receipts
Γö£ Γùï /admin-secure-internal/billing/revenue
Γö£ Γùï /admin-secure-internal/billing/settings
Γö£ Γùï /admin-secure-internal/billing/wallets
Γö£ Γùï /admin-secure-internal/billing/withdrawals
Γö£ Γùï /admin-secure-internal/brands
Γö£ Γùï /admin-secure-internal/categories
Γö£ Γùï /admin-secure-internal/cms
Γö£ Γùï /admin-secure-internal/cms/docs
Γö£ Γùï /admin-secure-internal/cms/layout-blocks
Γö£ Γùï /admin-secure-internal/cms/saada-builder
Γö£ Γùï /admin-secure-internal/coupons
Γö£ Γùï /admin-secure-internal/flags
Γö£ Γùï /admin-secure-internal/login
Γö£ Γùï /admin-secure-internal/notifications
Γö£ Γùï /admin-secure-internal/ocr-sandbox
Γö£ Γùï /admin-secure-internal/payment-methods
Γö£ Γùï /admin-secure-internal/plugins
Γö£ Γùï /admin-secure-internal/security/auth-logs
Γö£ Γùï /admin-secure-internal/security/bans
Γö£ Γùï /admin-secure-internal/security/sessions
Γö£ Γùï /admin-secure-internal/security/settings
Γö£ Γùï /admin-secure-internal/settings
Γö£ Γùï /admin-secure-internal/settings/homepage
Γö£ Γùï /admin-secure-internal/settings/maps
Γö£ Γùï /admin-secure-internal/settings/otp
Γö£ Γùï /admin-secure-internal/settings/theme
Γö£ Γùï /admin-secure-internal/settings/translations
Γö£ Γùï /admin-secure-internal/shipping
Γö£ Γùï /admin-secure-internal/verifications
Γö£ ╞Æ /api
Γö£ ╞Æ /api/admin/addons
Γö£ ╞Æ /api/admin/advertisements
Γö£ ╞Æ /api/admin/announcements
Γö£ ╞Æ /api/admin/brands
Γö£ ╞Æ /api/admin/categories
Γö£ ╞Æ /api/admin/categories/requests
Γö£ ╞Æ /api/admin/chat-settings
Γö£ ╞Æ /api/admin/cms
Γö£ ╞Æ /api/admin/coupons
Γö£ ╞Æ /api/admin/dashboard
Γö£ ╞Æ /api/admin/db-push
Γö£ ╞Æ /api/admin/docs
Γö£ ╞Æ /api/admin/docs/[id]
Γö£ ╞Æ /api/admin/flags
Γö£ ╞Æ /api/admin/homepage
Γö£ ╞Æ /api/admin/levels
Γö£ ╞Æ /api/admin/notifications/send
Γö£ ╞Æ /api/admin/packages
Γö£ ╞Æ /api/admin/payment-methods
Γö£ ╞Æ /api/admin/plugins
Γö£ ╞Æ /api/admin/review
Γö£ ╞Æ /api/admin/review/[userId]
Γö£ ╞Æ /api/admin/roles
Γö£ ╞Æ /api/admin/roles/[id]
Γö£ ╞Æ /api/admin/saada-homepage
Γö£ ╞Æ /api/admin/security/auth-logs
Γö£ ╞Æ /api/admin/security/bans
Γö£ ╞Æ /api/admin/security/bans/[id]
Γö£ ╞Æ /api/admin/security/sessions
Γö£ ╞Æ /api/admin/security/settings
Γö£ ╞Æ /api/admin/seed
Γö£ ╞Æ /api/admin/seed-algeria
Γö£ ╞Æ /api/admin/settings
Γö£ ╞Æ /api/admin/settings/maps
Γö£ ╞Æ /api/admin/settings/test-sms
Γö£ ╞Æ /api/admin/settings/test-smtp
Γö£ ╞Æ /api/admin/settings/test-telegram
Γö£ ╞Æ /api/admin/shipping-methods
Γö£ ╞Æ /api/admin/subscriptions
Γö£ ╞Æ /api/admin/subscriptions/[id]
Γö£ ╞Æ /api/admin/translations
Γö£ ╞Æ /api/admin/users
Γö£ ╞Æ /api/admin/verifications
Γö£ ╞Æ /api/admin/verifications/[id]
Γö£ ╞Æ /api/admin/verifications/check-expired
Γö£ ╞Æ /api/admin/withdrawals
Γö£ ╞Æ /api/admin/withdrawals/[id]
Γö£ ╞Æ /api/analytics
Γö£ ╞Æ /api/auth/[...all]
Γö£ ╞Æ /api/auth/2fa
Γö£ ╞Æ /api/auth/config
Γö£ ╞Æ /api/auth/login-password
Γö£ ╞Æ /api/auth/logout
Γö£ ╞Æ /api/auth/register
Γö£ ╞Æ /api/auth/send-otp
Γö£ ╞Æ /api/auth/verify-otp
Γö£ ╞Æ /api/billing/addons
Γö£ ╞Æ /api/billing/calculate-upgrade
Γö£ ╞Æ /api/billing/invoices
Γö£ ╞Æ /api/billing/receipts
Γö£ ╞Æ /api/billing/renew
Γö£ ╞Æ /api/billing/subscribe
Γö£ ╞Æ /api/billing/subscription
Γö£ ╞Æ /api/billing/subscription/cron
Γö£ ╞Æ /api/billing/transactions
Γö£ ╞Æ /api/brands
Γö£ ╞Æ /api/buyer/addresses
Γö£ ╞Æ /api/buyer/addresses/[id]
Γö£ ╞Æ /api/buyer/orders
Γö£ ╞Æ /api/buyer/orders/[id]
Γö£ ╞Æ /api/buyer/orders/[id]/cancel-items
Γö£ ╞Æ /api/buyer/stats
Γö£ ╞Æ /api/categories
Γö£ ╞Æ /api/categories/requests
Γö£ ╞Æ /api/chat/messages
Γö£ ╞Æ /api/chat/rooms
Γö£ ╞Æ /api/checkout/chargily/create
Γö£ ╞Æ /api/checkout/config
Γö£ ╞Æ /api/coupons/validate
Γö£ ╞Æ /api/debug/db
Γö£ ╞Æ /api/files/[...path]
Γö£ ╞Æ /api/fix-dates
Γö£ ╞Æ /api/homepage
Γö£ ╞Æ /api/notifications
Γö£ ╞Æ /api/onboarding
Γö£ ╞Æ /api/onboarding/draft
Γö£ ╞Æ /api/onboarding/status
Γö£ ╞Æ /api/order-statuses
Γö£ ╞Æ /api/orders
Γö£ ╞Æ /api/payment-methods/public
Γö£ ╞Æ /api/payments/create
Γö£ ╞Æ /api/payments/webhooks/[gatewayId]
Γö£ ╞Æ /api/products
Γö£ ╞Æ /api/products/[id]
Γö£ ╞Æ /api/products/qa
Γö£ ╞Æ /api/products/search
Γö£ ╞Æ /api/regions/cities
Γö£ ╞Æ /api/regions/countries
Γö£ ╞Æ /api/regions/states
Γö£ ╞Æ /api/reviews
Γö£ ╞Æ /api/seller/coupons
Γö£ ╞Æ /api/seller/coupons/global
Γö£ ╞Æ /api/seller/coupons/opt-in
Γö£ ╞Æ /api/seller/dashboard
Γö£ ╞Æ /api/seller/debts
Γö£ ╞Æ /api/seller/onboarding
Γö£ ╞Æ /api/seller/orders
Γö£ ╞Æ /api/seller/settings
Γö£ ╞Æ /api/seller/verification
Γö£ ╞Æ /api/seller/verification/files/[fileName]
Γö£ ╞Æ /api/seller/verification/upload
Γö£ ╞Æ /api/seller/withdrawals
Γö£ ╞Æ /api/sellers
Γö£ ╞Æ /api/sellers/[id]
Γö£ ╞Æ /api/settings/public
Γö£ ╞Æ /api/setup
Γö£ ╞Æ /api/stores
Γö£ ╞Æ /api/stores/[slug]
Γö£ ╞Æ /api/translations
Γö£ ╞Æ /api/upload
Γö£ ╞Æ /api/user/profile/update-sensitive
Γö£ ╞Æ /api/user/sessions
Γö£ ╞Æ /api/users
Γö£ ╞Æ /api/webhooks/chargily
Γö£ ╞Æ /api/webhooks/telegram
Γö£ Γùï /buyer
Γö£ Γùï /buyer/orders
Γö£ ╞Æ /buyer/orders/[id]
Γö£ Γùï /checkout
Γö£ ╞Æ /docs/[[...slug]]
Γö£ Γùï /logistics
Γö£ ╞Æ /products/[id]
Γö£ Γùï /seller
Γö£ Γùï /seller/onboarding
Γö£ ╞Æ /sellers/[id]
Γö£ Γùï /store
Γö£ ╞Æ /store/[slug]
Γö£ Γùï /supplier
Γöö Γùï /verification


╞Æ Proxy (Middleware)

Γùï  (Static)   prerendered as static content
╞Æ  (Dynamic)  server-rendered on demand

